// Jest Snapshot v1, https://goo.gl/fbAQLP

exports[`NumberedPagination 1`] = `
<div
  className="css-1rhsvcm-StyledContainer e30gk6a0"
>
  <div
    className="css-1penlaa-StyledArrowDiv e30gk6a1"
  >
    <img
      alt="Newer"
      className="css-k5wf1s-ArrowIcon e30gk6a2"
      src="test-image-stub"
    />
    Newer
  </div>
  <ul
    className="css-1p8mcs9-StyledUL e30gk6a3"
  >
    <a
      className="css-h5h6wk-StyledPageLink e30gk6a4"
      href="#"
    >
      1
    </a>
    <a
      className="css-h5h6wk-StyledPageLink e30gk6a4"
      href="#"
    >
      2
    </a>
    <a
      className="css-h5h6wk-StyledPageLink e30gk6a4"
      href="#"
    >
      3
    </a>
    <a
      className="css-h5h6wk-StyledPageLink e30gk6a4"
      href="#"
    >
      4
    </a>
    <a
      className="css-h5h6wk-StyledPageLink e30gk6a4"
      href="#"
    >
      5
    </a>
    <a
      className="css-h5h6wk-StyledPageLink e30gk6a4"
      href="#"
    >
      6
    </a>
    <a
      className="css-h5h6wk-StyledPageLink e30gk6a4"
      href="#"
    >
      7
    </a>
    <a
      className="css-h5h6wk-StyledPageLink e30gk6a4"
      href="#"
    >
      8
    </a>
    <a
      className="css-h5h6wk-StyledPageLink e30gk6a4"
      href="#"
    >
      9
    </a>
  </ul>
  <div
    className="css-1penlaa-StyledArrowDiv e30gk6a1"
  >
    Older
    <img
      alt="Older"
      className="css-k5wf1s-ArrowIcon e30gk6a2"
      src="test-image-stub"
      style={
        Object {
          "transform": "rotate(180deg)",
        }
      }
    />
  </div>
</div>
`;
