// Jest Snapshot v1, https://goo.gl/fbAQLP

exports[`FooterCTA 1`] = `
<div
  className="css-88pzot-StyledBanner esy61rv5"
>
  <div
    className="css-obbnl1-BannerContentWrap esy61rv4"
  >
    <div
      className="css-160rdza-StyledTopic esy61rv3"
    >
      Dwolla Balance
    </div>
    <div
      className="css-1wh94x8-StyledDescription esy61rv2"
    >
      Use Dwollaâ€™s existing bank partnerships to connect your software to the banking infrastructure.
    </div>
    <div
      className="css-lepm0g-ButtonsWrap esy61rv1"
    >
      <a
        className="MuiButtonBase-root MuiButton-root MuiButton-outlined MuiButton-outlinedWhite MuiButton-sizeMedium MuiButton-outlinedSizeMedium MuiButton-root MuiButton-outlined MuiButton-outlinedWhite MuiButton-sizeMedium MuiButton-outlinedSizeMedium css-1l1s02k-MuiButtonBase-root-MuiButton-root"
        href="/api-reference"
        onBlur={[Function]}
        onContextMenu={[Function]}
        onDragLeave={[Function]}
        onFocus={[Function]}
        onKeyDown={[Function]}
        onKeyUp={[Function]}
        onMouseDown={[Function]}
        onMouseLeave={[Function]}
        onMouseUp={[Function]}
        onTouchEnd={[Function]}
        onTouchMove={[Function]}
        onTouchStart={[Function]}
        tabIndex={0}
      >
        API reference
      </a>
      <a
        className="MuiButtonBase-root MuiButton-root MuiButton-outlined MuiButton-outlinedWhite MuiButton-sizeMedium MuiButton-outlinedSizeMedium MuiButton-root MuiButton-outlined MuiButton-outlinedWhite MuiButton-sizeMedium MuiButton-outlinedSizeMedium css-1l1s02k-MuiButtonBase-root-MuiButton-root"
        href="/code-samples"
        onBlur={[Function]}
        onContextMenu={[Function]}
        onDragLeave={[Function]}
        onFocus={[Function]}
        onKeyDown={[Function]}
        onKeyUp={[Function]}
        onMouseDown={[Function]}
        onMouseLeave={[Function]}
        onMouseUp={[Function]}
        onTouchEnd={[Function]}
        onTouchMove={[Function]}
        onTouchStart={[Function]}
        tabIndex={0}
      >
        Code Samples
      </a>
      <a
        className="MuiButtonBase-root MuiButton-root MuiButton-outlined MuiButton-outlinedWhite MuiButton-sizeMedium MuiButton-outlinedSizeMedium MuiButton-root MuiButton-outlined MuiButton-outlinedWhite MuiButton-sizeMedium MuiButton-outlinedSizeMedium css-1l1s02k-MuiButtonBase-root-MuiButton-root"
        href="/sdks-tools"
        onBlur={[Function]}
        onContextMenu={[Function]}
        onDragLeave={[Function]}
        onFocus={[Function]}
        onKeyDown={[Function]}
        onKeyUp={[Function]}
        onMouseDown={[Function]}
        onMouseLeave={[Function]}
        onMouseUp={[Function]}
        onTouchEnd={[Function]}
        onTouchMove={[Function]}
        onTouchStart={[Function]}
        tabIndex={0}
      >
        SDKs
      </a>
    </div>
  </div>
  <div
    className="css-zlmowv-HeroGraphicStyle esy61rv0"
  >
    <svg
      height="10em"
      width="10em"
    />
  </div>
</div>
`;
