// Jest Snapshot v1, https://goo.gl/fbAQLP

exports[`IndexPageGrid 1`] = `
Array [
  <div
    className="mdx-style-override css-h63dfz-BannerWrap ewrrs9z0"
  >
    <div
      className="filters default css-qc8b1t-StyledBanner ezy7hno0"
    >
      <div
        className="css-2ux9ul-BannerContentWrap ezy7hno1"
      >
        <img
          alt=""
          className="css-dt0gsi-StyledIcon ezy7hno2"
          src="guides-icon.svg"
        />
        <div
          className="css-izwvz-StyledTopic ezy7hno3"
        >
          Guides
        </div>
        <div
          className="css-wbadgb-StyledDescription ezy7hno4"
        >
          Step-by-step instructions to get you set up in the Dwolla API
        </div>
      </div>
      <div
        className="css-1wmc1h7-StyledFilter ezy7hno5"
      >
        <ul
          className="css-ckmwo8-TabsContainerStyle erblml70"
        >
          <li
            className="is-active css-y9jj0p-TabStyle erblml71"
            onClick={[Function]}
            onKeyDown={[Function]}
            tabIndex={0}
          >
            All
          </li>
          <li
            className=" css-y9jj0p-TabStyle erblml71"
            onClick={[Function]}
            onKeyDown={[Function]}
            tabIndex={0}
          >
            Get Building
          </li>
        </ul>
        <div
          className="css-18difvw-SelectWrapper erblml72"
        >
          <div
            className=" css-k377xg-container"
            onKeyDown={[Function]}
          >
            <div
              className=" css-g974v8-control"
              onMouseDown={[Function]}
              onTouchEnd={[Function]}
            >
              <div
                className=" css-15ikjri-ValueContainer"
              >
                <div
                  className=" css-1me8bqy-singleValue"
                >
                  All
                </div>
                <input
                  aria-autocomplete="list"
                  className="css-62g3xt-dummyInput"
                  disabled={false}
                  id="react-select-2-input"
                  onBlur={[Function]}
                  onChange={[Function]}
                  onFocus={[Function]}
                  readOnly={true}
                  tabIndex="0"
                  value=""
                />
              </div>
              <div
                className=" css-1hb7zxy-IndicatorsContainer"
              >
                <span
                  className=" css-43ykx9-indicatorSeparator"
                />
                <div
                  aria-hidden="true"
                  className=" css-unjupu-indicatorContainer"
                  onMouseDown={[Function]}
                  onTouchEnd={[Function]}
                >
                  <img
                    alt=""
                    className=" css-vfym8x-StyledDefaultDropdownIcon ewzbsaq0"
                    src="test-image-stub"
                  />
                </div>
              </div>
            </div>
          </div>
        </div>
      </div>
    </div>
  </div>,
  <div
    className="css-1ujvi4q-CardGridWrap ewrrs9z1"
  >
    <div
      className="css-6hqskf-StyledGrid e1obtk5n0"
    >
      <div
        className="css-191vh89-CardWrapper e1obtk5n1"
      >
        <a
          className="css-kunpmx-StyledLink e1f6wozk1"
          href="/guides/send-money"
          onClick={[Function]}
          onMouseEnter={[Function]}
        >
          <div
            className=" css-1mrozmg-CardStyle e1f6wozk0"
          >
            <img
              alt=""
              className=" css-142sfdf-StyledIcon e1f6wozk2"
              src="/assets/images/content-images/content-icons/guides-icon.svg"
            />
            <div
              className="css-vz2qld-BadgeStyle e1f6wozk3"
            >
              <div
                className="css-1dspmwm-StyledBadge eezde580"
              >
                Get Building
              </div>
            </div>
            <div
              className=" css-bgc4kb-TopicStyle e1f6wozk5"
            >
              Send Money to your Users
            </div>
            <div
              className=" css-mk6kj1-DescriptionStyle e1f6wozk6"
            >
              Send ACH transfers. Choose custom (Access API) onboarding or Transfer (OAuth) account creation.
            </div>
          </div>
        </a>
      </div>
      <div
        className="css-191vh89-CardWrapper e1obtk5n1"
      >
        <a
          className="css-kunpmx-StyledLink e1f6wozk1"
          href="/guides/receive-money"
          onClick={[Function]}
          onMouseEnter={[Function]}
        >
          <div
            className=" css-1mrozmg-CardStyle e1f6wozk0"
          >
            <img
              alt=""
              className=" css-142sfdf-StyledIcon e1f6wozk2"
              src="/assets/images/content-images/content-icons/guides-icon.svg"
            />
            <div
              className="css-vz2qld-BadgeStyle e1f6wozk3"
            >
              <div
                className="css-1dspmwm-StyledBadge eezde580"
              >
                Get Building
              </div>
            </div>
            <div
              className=" css-bgc4kb-TopicStyle e1f6wozk5"
            >
              Receive Money from your Users
            </div>
            <div
              className=" css-mk6kj1-DescriptionStyle e1f6wozk6"
            >
              Accept ACH transfers. Covers both Access API and Transfer integrations.
            </div>
          </div>
        </a>
      </div>
      <div
        className="css-191vh89-CardWrapper e1obtk5n1"
      >
        <a
          className="css-kunpmx-StyledLink e1f6wozk1"
          href="/guides/transfer-money-between-users/obtain-access-token"
          onClick={[Function]}
          onMouseEnter={[Function]}
        >
          <div
            className=" css-1mrozmg-CardStyle e1f6wozk0"
          >
            <img
              alt=""
              className=" css-142sfdf-StyledIcon e1f6wozk2"
              src="/assets/images/content-images/content-icons/guides-icon.svg"
            />
            <div
              className="css-vz2qld-BadgeStyle e1f6wozk3"
            >
              <div
                className="css-1dspmwm-StyledBadge eezde580"
              >
                Get Building
              </div>
            </div>
            <div
              className=" css-bgc4kb-TopicStyle e1f6wozk5"
            >
              Transfer Money Between Users
            </div>
            <div
              className=" css-mk6kj1-DescriptionStyle e1f6wozk6"
            >
              Facilitate ACH transfers between two distinct parties, e.g. for marketplace applications that connect buyers with sellers for bank to bank payments. Features Access API integration.
            </div>
          </div>
        </a>
      </div>
    </div>
  </div>,
]
`;
