// Jest Snapshot v1, https://goo.gl/fbAQLP

exports[`breakpoints 1`] = `
Object {
  "breakDown": [Function],
  "breakUp": [Function],
}
`;
