// Jest Snapshot v1, https://goo.gl/fbAQLP

exports[`colors 1`] = `
{
  "ANNOUNCEMENT_BACKGROUND_BLUE": "#e5f6fd",
  "ANNOUNCEMENT_ICON_BLUE": "#0288d1",
  "ANNOUNCEMENT_TEXT_BLUE": "#115482",
  "API_STATUS_BAR_BLUE": "#0182d5",
  "API_STATUS_BAR_GREEN": "#04be5b",
  "API_STATUS_BAR_ORANGE": "#e67e22",
  "API_STATUS_BAR_RED": "#e84d3d",
  "API_STATUS_BAR_YELLOW": "#f8ba01",
  "BALANCE_DARK": "#00475E",
  "BALANCE_HERO_GRADIENT": "linear-gradient(333deg, #05A1AD 0%,  #00475E 100%);",
  "BALANCE_ICON_GRADIENT": "linear-gradient(45deg, #05A1AD 0%,  #00475E 100%);",
  "BALANCE_LIGHT": "#9CD3DC",
  "BALANCE_PRIMARY": "#05A1AD",
  "CODE_BLOCK_AQUA": "#4fb4d7",
  "CODE_BLOCK_BLACK": "#1d1e24",
  "CODE_BLOCK_BUTTON": "#383c4c",
  "CODE_BLOCK_GREEN": "#a6e22e",
  "CODE_BLOCK_GREEN_BROWN": "#9C9786",
  "CODE_BLOCK_GREY_COMMENT": "#8997AE",
  "CODE_BLOCK_ORANGE": "#ee7c2b",
  "CODE_BLOCK_PURPLE": "#C482B7",
  "CODE_BLOCK_YELLOW": "#e6db74",
  "CONNECT_DARK": "#631F3E",
  "CONNECT_HERO_GRADIENT": "linear-gradient(333deg, #E23C7B 0%,  #631F3E 100%);",
  "CONNECT_ICON_GRADIENT": "linear-gradient(45deg, #E23C7B 0%,  #631F3E 100%);",
  "CONNECT_LIGHT": "#FFC3DE",
  "CONNECT_PRIMARY": "#E23C7B",
  "GREY_040": "rgba(0, 0, 0, 0.4)",
  "GREY_044": "rgba(201, 211, 224, 0.44)",
  "GREY_054": "rgba(0, 0, 0, 0.54)",
  "GREY_1": "#f4f7fb",
  "GREY_10": "#cfcff5",
  "GREY_11": "#f8fafc",
  "GREY_12": "#5f738c",
  "GREY_13": "#eaeaeb",
  "GREY_14": "#d9e0e4",
  "GREY_2": "#eaedf3",
  "GREY_3": "#c9d3e0",
  "GREY_3_44": "rgba(201, 211, 224, 0.44)",
  "GREY_4": "#aab7c8",
  "GREY_5": "#61798F",
  "GREY_6": "#52627b",
  "GREY_8": "#354153",
  "GREY_9": "#2e3745",
  "HEADLINE_TEXT": "#2a2d38",
  "LAYOUT_BORDER": "rgba(244, 247, 251, 1)",
  "MUI_DROPDOWN_FOCUS": "#03A9F4",
  "ORANGE_PRIMARY": "#ca4c24",
  "PAGE_FEEDBACK_BUTTON": "rgba(0, 0, 0, 0.50)",
  "PAGE_FEEDBACK_INNER_TEXT": "rgba(106, 114, 130, 1)",
  "PARAGRAPH_TEXT": "#6a7282",
  "PINK_SECONDARY_ACTIVE": "#be406c",
  "PINK_SECONDARY_BUTTON": "#C9457E",
  "PINK_SECONDARY_HOVER": "#e24d80",
  "PURPLE_004": "rgba(31, 31, 50, 0.04)",
  "PURPLE_008": "rgba(31, 31, 50, 0.08)",
  "PURPLE_012": "rgba(31, 31, 50, 0.12)",
  "PURPLE_014": "rgba(31, 31, 50, 0.14)",
  "PURPLE_020": "rgba(31, 31, 50, 0.2)",
  "PURPLE_023": "rgba(31, 31, 50, 0.23)",
  "PURPLE_054": "rgba(31, 31, 50, 0.54)",
  "PURPLE_075": "rgba(31, 31, 50, 0.75)",
  "PURPLE_087": "rgba(31, 31, 50, 0.87)",
  "PURPLE_090": "rgba(31, 31, 50, 0.90)",
  "PURPLE_100": "rgba(31, 31, 50, 1)",
  "PURPLE_DARK": "#2d2d47",
  "PURPLE_DARKER": "#242438",
  "PURPLE_MEDIUM": "#4a4a5e",
  "PURPLE_PRIMARY": "#2d2d48",
  "PURPLE_PRIMARY_ACTIVE": "#524467",
  "PURPLE_PRIMARY_BUTTON": "#5e4e76",
  "PURPLE_PRIMARY_HOVER": "#6a5885",
  "VERTICAL_GRADIENT": "180deg, #E98453 4.14%, #D46E62 55.07%, #BE5771 100%",
  "WHITE_070": "rgba(255, 255, 255, 0.7)",
  "WHITE_PRIMARY": "#ffffff",
}
`;
