// Jest Snapshot v1, https://goo.gl/fbAQLP

exports[`ContionalWrapper 1`] = `
<div>
  <div />
</div>
`;
