// Jest Snapshot v1, https://goo.gl/fbAQLP

exports[`colors 1`] = `
Object {
  "API_STATUS_BAR_BLUE": "#0182d5",
  "API_STATUS_BAR_GREEN": "#04be5b",
  "API_STATUS_BAR_ORANGE": "#e67e22",
  "API_STATUS_BAR_RED": "#e84d3d",
  "API_STATUS_BAR_YELLOW": "#f8ba01",
  "CODE_BLOCK_AQUA": "#4fb4d7",
  "CODE_BLOCK_BLACK": "#1d1e24",
  "CODE_BLOCK_BUTTON": "#383c4c",
  "CODE_BLOCK_GREEN": "#a6e22e",
  "CODE_BLOCK_GREEN_BROWN": "#757160",
  "CODE_BLOCK_ORANGE": "#ee7c2b",
  "CODE_BLOCK_PINK": "#f92672",
  "CODE_BLOCK_PURPLE": "#b45ea4",
  "CODE_BLOCK_YELLOW": "#e6db74",
  "GREY_1": "#f4f7fb",
  "GREY_10": "#cfcff5",
  "GREY_2": "#eaedf3",
  "GREY_3": "#c9d3e0",
  "GREY_4": "#aab7c8",
  "GREY_5": "#8393aa",
  "GREY_6": "#52627b",
  "GREY_7": "#3e4e67",
  "GREY_8": "#354153",
  "GREY_9": "#2e3745",
  "HEADLINE_TEXT": "#2a2d38",
  "ORANGE_PRIMARY": "#d9725c",
  "PARAGRAPH_TEXT": "#6a7282",
  "PINK_SECONDARY_ACTIVE": "#be406c",
  "PINK_SECONDARY_BUTTON": "#cb4976",
  "PINK_SECONDARY_HOVER": "#e24d80",
  "PURPLE_DARK": "#2d2d47",
  "PURPLE_DARKER": "#242438",
  "PURPLE_PRIMARY": "#483d66",
  "PURPLE_PRIMARY_ACTIVE": "#524467",
  "PURPLE_PRIMARY_BUTTON": "#5e4e76",
  "PURPLE_PRIMARY_HOVER": "#6a5885",
  "WHITE_PRIMARY": "#ffffff",
}
`;
