// Jest Snapshot v1, https://goo.gl/fbAQLP

exports[`typography 1`] = `
Object {
  "MONACO": "\\"Monaco\\", monospace",
  "POPPINS": "\\"Poppins\\", sans-serif",
  "ROBOTO": "\\"Roboto\\", sans-serif",
}
`;
