// Jest Snapshot v1, https://goo.gl/fbAQLP

exports[`Footer 1`] = `
<div
  className="css-rntgrl-Container eg0edpy12"
>
  <div
    className="css-549mvs-LogoContainer eg0edpy11"
  >
    <a
      href="/docs"
      onClick={[Function]}
      onMouseEnter={[Function]}
      onTouchStart={[Function]}
    >
      <img
        alt=""
        className="css-1289bd9-Logo eg0edpy10"
        src="test-image-stub"
      />
    </a>
    <div
      className="css-1neb9ej-Copyright eg0edpy9"
    >
      2024
       All Rights Reserved
    </div>
  </div>
  <div
    className="css-1g5yeab-LinkContainer eg0edpy8"
  >
    <div
      className="css-n2kuza-LinkGroup eg0edpy7"
    >
      <h3
        className="css-ve8wjm-LinkGroupHeading eg0edpy6"
      >
        Dwolla
      </h3>
      <ul
        className="css-1wxmwh7-LinkGroupList eg0edpy5"
      >
        <li
          className="css-146nff3-LinkGroupItem eg0edpy4"
        >
          <a
            className="css-1yfy9it-LinkGroupLink eg0edpy3"
            href="https://www.dwolla.com/about/"
          >
            About
          </a>
        </li>
        <li
          className="css-146nff3-LinkGroupItem eg0edpy4"
        >
          <a
            className="css-1yfy9it-LinkGroupLink eg0edpy3"
            href="https://www.dwolla.com/updates/"
          >
            Blog
          </a>
        </li>
        <li
          className="css-146nff3-LinkGroupItem eg0edpy4"
        >
          <a
            className="css-1yfy9it-LinkGroupLink eg0edpy3"
            href="https://www.dwolla.com/pricing/"
          >
            Pricing
          </a>
        </li>
        <li
          className="css-146nff3-LinkGroupItem eg0edpy4"
        >
          <a
            className="css-1yfy9it-LinkGroupLink eg0edpy3"
            href="https://www.dwolla.com/contact/"
          >
            Contact Sales
          </a>
        </li>
        <li
          className="css-146nff3-LinkGroupItem eg0edpy4"
        >
          <a
            className="css-1yfy9it-LinkGroupLink eg0edpy3"
            href="https://www.dwolla.com/legal/tos/"
          >
            Terms of Service
          </a>
        </li>
        <li
          className="css-146nff3-LinkGroupItem eg0edpy4"
        >
          <a
            className="css-1yfy9it-LinkGroupLink eg0edpy3"
            href="https://www.dwolla.com/legal/privacy/"
          >
            Privacy Policy
          </a>
        </li>
        <li
          className="css-146nff3-LinkGroupItem eg0edpy4"
        >
          <a
            className="css-1yfy9it-LinkGroupLink eg0edpy3"
            href="#"
            onClick={[Function]}
          >
            Privacy Options
          </a>
        </li>
      </ul>
    </div>
    <div
      className="css-n2kuza-LinkGroup eg0edpy7"
    >
      <h3
        className="css-ve8wjm-LinkGroupHeading eg0edpy6"
      >
        Product
      </h3>
      <ul
        className="css-1wxmwh7-LinkGroupList eg0edpy5"
      >
        <li
          className="css-146nff3-LinkGroupItem eg0edpy4"
        >
          <a
            className="css-1yfy9it-LinkGroupLink eg0edpy3"
            href="https://www.dwolla.com/resources/"
          >
            Resources
          </a>
        </li>
        <li
          className="css-146nff3-LinkGroupItem eg0edpy4"
        >
          <a
            className="css-1yfy9it-LinkGroupLink eg0edpy3"
            href="https://www.dwolla.com/features/"
          >
            Features
          </a>
        </li>
        <li
          className="css-146nff3-LinkGroupItem eg0edpy4"
        >
          <a
            className="css-1yfy9it-LinkGroupLink eg0edpy3"
            href="https://www.dwolla.com/case-studies/"
          >
            Case Studies
          </a>
        </li>
      </ul>
    </div>
    <div
      className="css-n2kuza-LinkGroup eg0edpy7"
    >
      <h3
        className="css-ve8wjm-LinkGroupHeading eg0edpy6"
      >
        Developers
      </h3>
      <ul
        className="css-1wxmwh7-LinkGroupList eg0edpy5"
      >
        <li
          className="css-146nff3-LinkGroupItem eg0edpy4"
        >
          <a
            className="css-1yfy9it-LinkGroupLink eg0edpy3"
            href="https://developers.dwolla.com/api-reference/"
          >
            API Reference
          </a>
        </li>
        <li
          className="css-146nff3-LinkGroupItem eg0edpy4"
        >
          <a
            className="css-1yfy9it-LinkGroupLink eg0edpy3"
            href="https://discuss.dwolla.com/"
          >
            Support Forum
          </a>
        </li>
        <li
          className="css-146nff3-LinkGroupItem eg0edpy4"
        >
          <a
            className="css-1yfy9it-LinkGroupLink eg0edpy3"
            href="#sdks-and-tools"
          >
            SDKs and Tools
          </a>
        </li>
        <li
          className="css-146nff3-LinkGroupItem eg0edpy4"
        >
          <a
            className="css-1yfy9it-LinkGroupLink eg0edpy3"
            href="https://github.com/Dwolla/"
          >
            Github Repos
          </a>
        </li>
      </ul>
    </div>
  </div>
  <div
    className="css-1kena77-LegalContainer eg0edpy2"
  >
    <strong
      className="css-31ngrj-LegalTitle eg0edpy1"
    >
      Financial institutions play an important role in our network.
    </strong>
    <p
      className="css-b6puy4-LegalDesc eg0edpy0"
    >
      All funds transfers made using the Dwolla Platform are performed by a financial institution partner, and any funds held in a Dwolla Balance are held by a financial institution partner.
       
      <a
        href="https://www.dwolla.com/legal/about-our-financial-institution-partners/#legal-content"
        rel="noreferrer"
        target="_blank"
      >
        Learn more about our financial institution partners
      </a>
      .
    </p>
  </div>
</div>
`;
