// Jest Snapshot v1, https://goo.gl/fbAQLP

exports[`Layout 1`] = `
[
  <div
    className="css-1h0fusp-TopBarWrapper e1ijxxr31"
  >
    <div
      className="css-y5wall-Container e1psldpd6"
    >
      <a
        href="/docs"
        onClick={[Function]}
        onMouseEnter={[Function]}
        onTouchStart={[Function]}
        style={
          {
            "textDecoration": "none",
          }
        }
      >
        <img
          alt=""
          className="css-3jqt57-StyledLogo e1psldpd5"
          src="test-image-stub"
        />
        <em
          className="css-11c4vbk-StyledEm e1psldpd4"
        >
           Docs
        </em>
      </a>
      <div
        className="css-5vssss-LeftAlignWrapper e1psldpd2"
      />
      <div
        className="css-j4xy9d-RightAlignWrapper e1psldpd3"
      >
        <div
          className="MuiFormControl-root css-dru9rs-MuiFormControl-root"
        >
          <label
            className="MuiFormLabel-root MuiInputLabel-root MuiInputLabel-formControl MuiInputLabel-animated MuiInputLabel-sizeSmall MuiInputLabel-outlined MuiFormLabel-colorPrimary MuiInputLabel-root MuiInputLabel-formControl MuiInputLabel-animated MuiInputLabel-sizeSmall MuiInputLabel-outlined css-1pysi21-MuiFormLabel-root-MuiInputLabel-root"
            data-shrink={false}
            id=":r0:"
          >
            Select Language
          </label>
          <div
            className="MuiInputBase-root MuiOutlinedInput-root MuiInputBase-colorPrimary MuiInputBase-formControl MuiInputBase-sizeSmall  css-1yk1gt9-MuiInputBase-root-MuiOutlinedInput-root-MuiSelect-root"
            onClick={[Function]}
          >
            <div
              aria-expanded="false"
              aria-haspopup="listbox"
              aria-labelledby=":r0:"
              className="MuiSelect-select MuiSelect-outlined MuiInputBase-input MuiOutlinedInput-input MuiInputBase-inputSizeSmall css-jedpe8-MuiSelect-select-MuiInputBase-input-MuiOutlinedInput-input"
              onBlur={[Function]}
              onFocus={[Function]}
              onKeyDown={[Function]}
              onMouseDown={[Function]}
              role="button"
              tabIndex={0}
            >
              <span
                className="notranslate"
              >
                â€‹
              </span>
            </div>
            <input
              aria-hidden={true}
              aria-invalid={false}
              className="MuiSelect-nativeInput css-yf8vq0-MuiSelect-nativeInput"
              disabled={false}
              onAnimationStart={[Function]}
              onChange={[Function]}
              required={false}
              tabIndex={-1}
              value=""
            />
            <svg
              aria-hidden={true}
              className="MuiSvgIcon-root MuiSvgIcon-fontSizeMedium MuiSelect-icon MuiSelect-iconOutlined css-hfutr2-MuiSvgIcon-root-MuiSelect-icon"
              data-testid="ArrowDropDownIcon"
              focusable="false"
              viewBox="0 0 24 24"
            >
              <path
                d="M7 10l5 5 5-5z"
              />
            </svg>
            <fieldset
              aria-hidden={true}
              className="MuiOutlinedInput-notchedOutline css-1d3z3hw-MuiOutlinedInput-notchedOutline"
            >
              <legend
                className="css-yjsfm1"
              >
                <span>
                  Select Language
                </span>
              </legend>
            </fieldset>
          </div>
        </div>
        <a
          className="MuiButtonBase-root MuiButton-root MuiButton-contained MuiButton-containedSecondary MuiButton-sizeMedium MuiButton-containedSizeMedium MuiButton-root MuiButton-contained MuiButton-containedSecondary MuiButton-sizeMedium MuiButton-containedSizeMedium css-zcbmsk-MuiButtonBase-root-MuiButton-root"
          href="https://accounts-sandbox.dwolla.com/login"
          onBlur={[Function]}
          onContextMenu={[Function]}
          onDragLeave={[Function]}
          onFocus={[Function]}
          onKeyDown={[Function]}
          onKeyUp={[Function]}
          onMouseDown={[Function]}
          onMouseLeave={[Function]}
          onMouseUp={[Function]}
          onTouchEnd={[Function]}
          onTouchMove={[Function]}
          onTouchStart={[Function]}
          tabIndex={0}
          target="_blank"
        >
          Get API Keys
        </a>
      </div>
      <div
        aria-labelledby="Open menu"
        className="css-mj3r16-Hamburger e1psldpd1"
        onClick={[Function]}
        onKeyDown={[Function]}
        tabIndex={0}
      />
    </div>
  </div>,
  <div
    className="css-1lvinfx-LayoutContainer e1ijxxr36"
  >
    <div
      className="visuallyHidden css-kjw9mq-LeftSidebar e1ijxxr35"
    >
      <div
        className="css-6qgefa-SideNavWrapper e1ijxxr34"
      >
        <div
          className="css-yeohq5-Container e1qiqw1s17"
        >
          <div
            className="css-kibqvq-Slide e1qiqw1s16"
          >
            <div
              className="left css-soqej8-SlidePane e1qiqw1s15"
              id="body-scroll-lock-side-nav"
            >
              <div
                className="css-kgvw59-SectionWrap e1qiqw1s14"
              >
                <a
                  className=" css-nr9jvx-SectionLink-SectionLink"
                  href="/docs"
                  onClick={[Function]}
                  onMouseEnter={[Function]}
                  onTouchStart={[Function]}
                >
                  <div
                    className="css-30rc4k-SectionIconWrap e1qiqw1s11"
                  >
                    <svg
                      className="section-icon"
                      height={22}
                      width={22}
                    />
                  </div>
                  Home
                </a>
                <a
                  className=" css-nr9jvx-SectionLink-SectionLink"
                  href="/docs/balance"
                  onClick={[Function]}
                  onMouseEnter={[Function]}
                  onTouchStart={[Function]}
                >
                  <div
                    className="css-30rc4k-SectionIconWrap e1qiqw1s11"
                  >
                    <svg
                      className="section-icon"
                      height={22}
                      width={22}
                    />
                  </div>
                  Balance
                </a>
                <a
                  className=" css-nr9jvx-SectionLink-SectionLink"
                  href="/api-reference"
                  onClick={[Function]}
                  onMouseEnter={[Function]}
                  onTouchStart={[Function]}
                >
                  <div
                    className="css-30rc4k-SectionIconWrap e1qiqw1s11"
                  >
                    <svg
                      className="section-icon"
                      height={22}
                      width={22}
                    />
                  </div>
                  API Reference
                  <div
                    className="css-1qriqu9-SectionCaretWrap e1qiqw1s10"
                  >
                    <svg
                      height={18}
                      width={18}
                    />
                  </div>
                </a>
                <a
                  className=" css-nr9jvx-SectionLink-SectionLink"
                  href="/sdks-tools"
                  onClick={[Function]}
                  onMouseEnter={[Function]}
                  onTouchStart={[Function]}
                >
                  <div
                    className="css-30rc4k-SectionIconWrap e1qiqw1s11"
                  >
                    <svg
                      className="section-icon"
                      height={22}
                      width={22}
                    />
                  </div>
                  SDKs & Tools
                </a>
              </div>
              <div
                className="css-17mreui-ExternalSectionWrap e1qiqw1s13"
              >
                <a
                  className=" css-nr9jvx-SectionLink-SectionLink"
                  href="https://discuss.dwolla.com/"
                  onClick={[Function]}
                  onMouseEnter={[Function]}
                  onTouchStart={[Function]}
                  target="_blank"
                >
                  <div
                    className="css-30rc4k-SectionIconWrap e1qiqw1s11"
                  >
                    <svg
                      className="section-icon"
                      height={15}
                      width={15}
                    />
                  </div>
                  Community
                </a>
              </div>
              <div
                className="css-19j3ofi-MobileWrap e1qiqw1s1"
              >
                <div
                  className="css-1rc904k-MobileButtonWrap e1qiqw1s0"
                >
                  <a
                    className="MuiButtonBase-root MuiButton-root MuiButton-contained MuiButton-containedSecondary MuiButton-sizeMedium MuiButton-containedSizeMedium MuiButton-fullWidth MuiButton-root MuiButton-contained MuiButton-containedSecondary MuiButton-sizeMedium MuiButton-containedSizeMedium MuiButton-fullWidth css-mrzqee-MuiButtonBase-root-MuiButton-root"
                    href="https://accounts-sandbox.dwolla.com/login"
                    onBlur={[Function]}
                    onContextMenu={[Function]}
                    onDragLeave={[Function]}
                    onFocus={[Function]}
                    onKeyDown={[Function]}
                    onKeyUp={[Function]}
                    onMouseDown={[Function]}
                    onMouseLeave={[Function]}
                    onMouseUp={[Function]}
                    onTouchEnd={[Function]}
                    onTouchMove={[Function]}
                    onTouchStart={[Function]}
                    tabIndex={0}
                    target="_blank"
                  >
                    Get API Keys
                  </a>
                </div>
              </div>
            </div>
          </div>
        </div>
      </div>
      <a
        className="css-pnlj05-ContainerLink eyy6ry91"
        href="https://status.dwolla.com"
        target="_blank"
      >
        <span
          className="indicator-none css-ulyjnq-StatusIcon eyy6ry90"
        />
        apiStatus description
      </a>
    </div>
    <div
      className="css-1v2y2k5-MainArea e1ijxxr33"
    >
      <div
        className=" css-x5ql3q-ContentArea e1ijxxr32"
      >
        <div>
          page
        </div>
      </div>
      <div
        className=" css-17pvfhk-FooterWrapper e1ijxxr30"
      >
        <div
          className="css-rntgrl-Container eg0edpy12"
        >
          <div
            className="css-549mvs-LogoContainer eg0edpy11"
          >
            <a
              href="/docs"
              onClick={[Function]}
              onMouseEnter={[Function]}
              onTouchStart={[Function]}
            >
              <img
                alt=""
                className="css-1289bd9-Logo eg0edpy10"
                src="test-image-stub"
              />
            </a>
            <div
              className="css-1neb9ej-Copyright eg0edpy9"
            >
              2023
               All Rights Reserved
            </div>
          </div>
          <div
            className="css-1g5yeab-LinkContainer eg0edpy8"
          >
            <div
              className="css-n2kuza-LinkGroup eg0edpy7"
            >
              <h3
                className="css-ve8wjm-LinkGroupHeading eg0edpy6"
              >
                Dwolla
              </h3>
              <ul
                className="css-1wxmwh7-LinkGroupList eg0edpy5"
              >
                <li
                  className="css-146nff3-LinkGroupItem eg0edpy4"
                >
                  <a
                    className="css-1yfy9it-LinkGroupLink eg0edpy3"
                    href="https://www.dwolla.com/about/"
                  >
                    About
                  </a>
                </li>
                <li
                  className="css-146nff3-LinkGroupItem eg0edpy4"
                >
                  <a
                    className="css-1yfy9it-LinkGroupLink eg0edpy3"
                    href="https://www.dwolla.com/updates/"
                  >
                    Blog
                  </a>
                </li>
                <li
                  className="css-146nff3-LinkGroupItem eg0edpy4"
                >
                  <a
                    className="css-1yfy9it-LinkGroupLink eg0edpy3"
                    href="https://www.dwolla.com/pricing/"
                  >
                    Pricing
                  </a>
                </li>
                <li
                  className="css-146nff3-LinkGroupItem eg0edpy4"
                >
                  <a
                    className="css-1yfy9it-LinkGroupLink eg0edpy3"
                    href="https://www.dwolla.com/contact/"
                  >
                    Contact Sales
                  </a>
                </li>
                <li
                  className="css-146nff3-LinkGroupItem eg0edpy4"
                >
                  <a
                    className="css-1yfy9it-LinkGroupLink eg0edpy3"
                    href="https://www.dwolla.com/legal/tos/"
                  >
                    Terms of Service
                  </a>
                </li>
                <li
                  className="css-146nff3-LinkGroupItem eg0edpy4"
                >
                  <a
                    className="css-1yfy9it-LinkGroupLink eg0edpy3"
                    href="https://www.dwolla.com/legal/privacy/"
                  >
                    Privacy Policy
                  </a>
                </li>
              </ul>
            </div>
            <div
              className="css-n2kuza-LinkGroup eg0edpy7"
            >
              <h3
                className="css-ve8wjm-LinkGroupHeading eg0edpy6"
              >
                Product
              </h3>
              <ul
                className="css-1wxmwh7-LinkGroupList eg0edpy5"
              >
                <li
                  className="css-146nff3-LinkGroupItem eg0edpy4"
                >
                  <a
                    className="css-1yfy9it-LinkGroupLink eg0edpy3"
                    href="https://support.dwolla.com/s/"
                  >
                    Support
                  </a>
                </li>
                <li
                  className="css-146nff3-LinkGroupItem eg0edpy4"
                >
                  <a
                    className="css-1yfy9it-LinkGroupLink eg0edpy3"
                    href="https://www.dwolla.com/resources/"
                  >
                    Resources
                  </a>
                </li>
                <li
                  className="css-146nff3-LinkGroupItem eg0edpy4"
                >
                  <a
                    className="css-1yfy9it-LinkGroupLink eg0edpy3"
                    href="https://www.dwolla.com/features/"
                  >
                    Features
                  </a>
                </li>
                <li
                  className="css-146nff3-LinkGroupItem eg0edpy4"
                >
                  <a
                    className="css-1yfy9it-LinkGroupLink eg0edpy3"
                    href="https://www.dwolla.com/case-studies/"
                  >
                    Case Studies
                  </a>
                </li>
              </ul>
            </div>
            <div
              className="css-n2kuza-LinkGroup eg0edpy7"
            >
              <h3
                className="css-ve8wjm-LinkGroupHeading eg0edpy6"
              >
                Developers
              </h3>
              <ul
                className="css-1wxmwh7-LinkGroupList eg0edpy5"
              >
                <li
                  className="css-146nff3-LinkGroupItem eg0edpy4"
                >
                  <a
                    className="css-1yfy9it-LinkGroupLink eg0edpy3"
                    href="https://developers.dwolla.com/api-reference/"
                  >
                    API Reference
                  </a>
                </li>
                <li
                  className="css-146nff3-LinkGroupItem eg0edpy4"
                >
                  <a
                    className="css-1yfy9it-LinkGroupLink eg0edpy3"
                    href="https://discuss.dwolla.com/"
                  >
                    Support Forum
                  </a>
                </li>
                <li
                  className="css-146nff3-LinkGroupItem eg0edpy4"
                >
                  <a
                    className="css-1yfy9it-LinkGroupLink eg0edpy3"
                    href="#sdks-and-tools"
                  >
                    SDKs and Tools
                  </a>
                </li>
                <li
                  className="css-146nff3-LinkGroupItem eg0edpy4"
                >
                  <a
                    className="css-1yfy9it-LinkGroupLink eg0edpy3"
                    href="https://github.com/Dwolla/"
                  >
                    Github Repos
                  </a>
                </li>
              </ul>
            </div>
          </div>
          <div
            className="css-1kena77-LegalContainer eg0edpy2"
          >
            <strong
              className="css-31ngrj-LegalTitle eg0edpy1"
            >
              Financial institutions play an important role in our network.
            </strong>
            <p
              className="css-b6puy4-LegalDesc eg0edpy0"
            >
              All funds transfers made using the Dwolla Platform are performed by a financial institution partner, and any funds held in a Dwolla Balance are held by a financial institution partner.
               
              <a
                href="https://www.dwolla.com/legal/about-our-financial-institution-partners/#legal-content"
                rel="noreferrer"
                target="_blank"
              >
                Learn more about our financial institution partners
              </a>
              .
            </p>
          </div>
        </div>
      </div>
    </div>
  </div>,
]
`;
